// Jest Snapshot v1, https://goo.gl/fbAQLP

exports[`input component Should match snapshot 1`] = `
Object {
  "asFragment": [Function],
  "baseElement": <body>
    <div>
      <header>
        <h1>
          My ToDo List 
        </h1>
      </header>
      <main>
        <div
          class="ToDo__input-container"
        >
          <h2>
            ToDo list
          </h2>
          <input
            name="addTask"
            placeholder="Add Task"
            type="text"
            value=""
          />
          <input
            name="addTask"
            placeholder="Add Description"
            type="text"
            value=""
          />
          <button
            class="ToDo__button"
            data-testid="btn-create"
            type="button"
          >
            Add
          </button>
        </div>
        <div
          class="ToDo__cards-container"
        />
      </main>
      <footer>
        <span>
          Copyright © Ignacio Navarro
           
          2021
           
        </span>
      </footer>
    </div>
  </body>,
  "container": <div>
    <header>
      <h1>
        My ToDo List 
      </h1>
    </header>
    <main>
      <div
        class="ToDo__input-container"
      >
        <h2>
          ToDo list
        </h2>
        <input
          name="addTask"
          placeholder="Add Task"
          type="text"
          value=""
        />
        <input
          name="addTask"
          placeholder="Add Description"
          type="text"
          value=""
        />
        <button
          class="ToDo__button"
          data-testid="btn-create"
          type="button"
        >
          Add
        </button>
      </div>
      <div
        class="ToDo__cards-container"
      />
    </main>
    <footer>
      <span>
        Copyright © Ignacio Navarro
         
        2021
         
      </span>
    </footer>
  </div>,
  "debug": [Function],
  "findAllByAltText": [Function],
  "findAllByDisplayValue": [Function],
  "findAllByLabelText": [Function],
  "findAllByPlaceholderText": [Function],
  "findAllByRole": [Function],
  "findAllByTestId": [Function],
  "findAllByText": [Function],
  "findAllByTitle": [Function],
  "findByAltText": [Function],
  "findByDisplayValue": [Function],
  "findByLabelText": [Function],
  "findByPlaceholderText": [Function],
  "findByRole": [Function],
  "findByTestId": [Function],
  "findByText": [Function],
  "findByTitle": [Function],
  "getAllByAltText": [Function],
  "getAllByDisplayValue": [Function],
  "getAllByLabelText": [Function],
  "getAllByPlaceholderText": [Function],
  "getAllByRole": [Function],
  "getAllByTestId": [Function],
  "getAllByText": [Function],
  "getAllByTitle": [Function],
  "getByAltText": [Function],
  "getByDisplayValue": [Function],
  "getByLabelText": [Function],
  "getByPlaceholderText": [Function],
  "getByRole": [Function],
  "getByTestId": [Function],
  "getByText": [Function],
  "getByTitle": [Function],
  "queryAllByAltText": [Function],
  "queryAllByDisplayValue": [Function],
  "queryAllByLabelText": [Function],
  "queryAllByPlaceholderText": [Function],
  "queryAllByRole": [Function],
  "queryAllByTestId": [Function],
  "queryAllByText": [Function],
  "queryAllByTitle": [Function],
  "queryByAltText": [Function],
  "queryByDisplayValue": [Function],
  "queryByLabelText": [Function],
  "queryByPlaceholderText": [Function],
  "queryByRole": [Function],
  "queryByTestId": [Function],
  "queryByText": [Function],
  "queryByTitle": [Function],
  "rerender": [Function],
  "unmount": [Function],
}
`;
